180.76.15.30 - - [03/Mar/2016:03:33:12 -0500] "GET /events?q=fourth%20of%20july&tags=VISUAL%20ARTS,DANCE,SPORTS&price=free&sort=popularity HTTP/1.1" 302 160 "-" "Mozilla/5.0 (compatible; Baiduspider/2.0; +http://www.baidu.com/search/spider.html)"
180.76.15.9 - - [03/Mar/2016:03:35:12 -0500] "GET /film?tags=VALENTINE'S%20DAY,WOMEN'S%20HISTORY%20MONTH,MUSICAL,ANIMATION,EASTER&sort=popularity HTTP/1.1" 302 160 "-" "Mozilla/5.0 (compatible; Baiduspider/2.0; +http://www.baidu.com/search/spider.html)"
180.76.15.153 - - [03/Mar/2016:03:35:12 -0500] "GET /film?tags=WOMEN'S%20HISTORY%20MONTH,BLACK%20HISTORY%20MONTH,COMEDY,FREE,CLASSES&price=10to20 HTTP/1.1" 200 62024 "-" "Mozilla/5.0 (compatible; Baiduspider/2.0; +http://www.baidu.com/search/spider.html)"
216.165.95.3 - - [03/Mar/2016:03:35:13 -0500] "GET /uploads/files/809647569965160249-5738798123-5a93a2ba8d-o.jpg HTTP/1.1" 200 74763 "-" "Mozilla/5.0 (Macintosh; Intel Mac OS X 10_10_5) AppleWebKit/537.36 (KHTML, like Gecko) Chrome/48.0.2564.103 Safari/537.36"
180.76.15.31 - - [03/Mar/2016:03:37:13 -0500] "GET /outdoors?tags=WINTER%20ACTIVITIES,VALENTINE'S%20DAY,GARDENS%20%26%20ARBORETA,SPORTS,CLASSES&price=under5 HTTP/1.1" 200 68268 "-" "Mozilla/5.0 (compatible; Baiduspider/2.0; +http://www.baidu.com/search/spider.html)"
